The next train to Cardiff from Wirragulla departs at 09:38:23
